// Jest Snapshot v1, https://goo.gl/fbAQLP

exports[`test TABLE component renders TABLE component 1`] = `
<DocumentFragment>
  <div
    class="table-box-section"
  >
    <div
      class="table-item"
    >
      <div
        class="vertical-coordinates"
      >
        <section
          class="coordinate-section -block"
        >
          <span
            class="coordinate-label"
          >
            0
          </span>
          <span
            class="coordinate-label"
          >
            1
          </span>
          <span
            class="coordinate-label"
          >
            2
          </span>
          <span
            class="coordinate-label"
          >
            3
          </span>
          <span
            class="coordinate-label"
          >
            4
          </span>
        </section>
      </div>
      <div
        class="box-generator"
      >
        <div
          class="box-container"
          data-testid="box-container-test"
        >
          <div
            class="box"
            data-testid="box-test"
          />
          <div
            class="box"
            data-testid="box-test"
          />
          <div
            class="box"
            data-testid="box-test"
          />
          <div
            class="box"
            data-testid="box-test"
          />
          <div
            class="box"
            data-testid="box-test"
          />
        </div>
        <div
          class="box-container"
          data-testid="box-container-test"
        >
          <div
            class="box"
            data-testid="box-test"
          />
          <div
            class="box"
            data-testid="box-test"
          />
          <div
            class="box"
            data-testid="box-test"
          />
          <div
            class="box"
            data-testid="box-test"
          />
          <div
            class="box"
            data-testid="box-test"
          />
        </div>
        <div
          class="box-container"
          data-testid="box-container-test"
        >
          <div
            class="box"
            data-testid="box-test"
          />
          <div
            class="box"
            data-testid="box-test"
          />
          <div
            class="box"
            data-testid="box-test"
          />
          <div
            class="box"
            data-testid="box-test"
          />
          <div
            class="box"
            data-testid="box-test"
          />
        </div>
        <div
          class="box-container"
          data-testid="box-container-test"
        >
          <div
            class="box"
            data-testid="box-test"
          />
          <div
            class="box"
            data-testid="box-test"
          />
          <div
            class="box"
            data-testid="box-test"
          />
          <div
            class="box"
            data-testid="box-test"
          />
          <div
            class="box"
            data-testid="box-test"
          />
        </div>
        <div
          class="box-container"
          data-testid="box-container-test"
        >
          <div
            class="box"
            data-testid="box-test"
          />
          <div
            class="box"
            data-testid="box-test"
          />
          <div
            class="box"
            data-testid="box-test"
          />
          <div
            class="box"
            data-testid="box-test"
          />
          <div
            class="box"
            data-testid="box-test"
          />
        </div>
        <section
          class="coordinate-section -inline"
        >
          <span
            class="coordinate-label"
          >
            0
          </span>
          <span
            class="coordinate-label"
          >
            1
          </span>
          <span
            class="coordinate-label"
          >
            2
          </span>
          <span
            class="coordinate-label"
          >
            3
          </span>
          <span
            class="coordinate-label"
          >
            4
          </span>
        </section>
      </div>
    </div>
  </div>
</DocumentFragment>
`;
